// Jest Snapshot v1, https://goo.gl/fbAQLP

exports[`Storyshots Atoms/Button Types Button 1`] = `
Array [
  <div
    className="css-1pnd932-WrapperStories e1kw3nsx0"
  >
    <div
      className="css-1yvflmz-TypeColumn-FirstColumn e1kw3nsx2"
    >
      <p>
        primary
      </p>
    </div>
    <div
      className="css-1mzvkak-TypeColumn-SecondColumn e1kw3nsx3"
    >
      <button
        className="css-f48wfs-ButtonWrapper ekfoxpm0"
        type="submit"
        width="MEDIUM"
      >
        Text
      </button>
    </div>
  </div>,
  <div
    className="css-1pnd932-WrapperStories e1kw3nsx0"
  >
    <div
      className="css-1yvflmz-TypeColumn-FirstColumn e1kw3nsx2"
    >
      <p>
        secondary
      </p>
    </div>
    <div
      className="css-1mzvkak-TypeColumn-SecondColumn e1kw3nsx3"
    >
      <button
        className="css-1w0ol5f-ButtonWrapper ekfoxpm0"
        type="submit"
        width="MEDIUM"
      >
        Text
      </button>
    </div>
  </div>,
  <div
    className="css-1pnd932-WrapperStories e1kw3nsx0"
  >
    <div
      className="css-1yvflmz-TypeColumn-FirstColumn e1kw3nsx2"
    >
      <p>
        tertiary
      </p>
    </div>
    <div
      className="css-1mzvkak-TypeColumn-SecondColumn e1kw3nsx3"
    >
      <button
        className="css-tbeh1j-ButtonWrapper ekfoxpm0"
        type="submit"
        width="MEDIUM"
      >
        Text
      </button>
    </div>
  </div>,
  <div
    className="css-1pnd932-WrapperStories e1kw3nsx0"
  >
    <div
      className="css-1yvflmz-TypeColumn-FirstColumn e1kw3nsx2"
    >
      <p>
        cuaternary
      </p>
    </div>
    <div
      className="css-1mzvkak-TypeColumn-SecondColumn e1kw3nsx3"
    >
      <button
        className="css-xykjk7-ButtonWrapper ekfoxpm0"
        type="submit"
        width="MEDIUM"
      >
        Text
      </button>
    </div>
  </div>,
  <div
    className="css-1pnd932-WrapperStories e1kw3nsx0"
  >
    <div
      className="css-1yvflmz-TypeColumn-FirstColumn e1kw3nsx2"
    >
      <p>
        text
      </p>
    </div>
    <div
      className="css-1mzvkak-TypeColumn-SecondColumn e1kw3nsx3"
    >
      <button
        className="css-1mn90ko-ButtonWrapper ekfoxpm0"
        type="submit"
        width="MEDIUM"
      >
        Text
      </button>
    </div>
  </div>,
  <div
    className="css-1pnd932-WrapperStories e1kw3nsx0"
  >
    <div
      className="css-1yvflmz-TypeColumn-FirstColumn e1kw3nsx2"
    >
      <p>
        link
      </p>
    </div>
    <div
      className="css-1mzvkak-TypeColumn-SecondColumn e1kw3nsx3"
    >
      <button
        className="css-1mn90ko-ButtonWrapper ekfoxpm0"
        type="submit"
        width="MEDIUM"
      >
        Text
      </button>
    </div>
  </div>,
  <div
    className="css-1pnd932-WrapperStories e1kw3nsx0"
  >
    <div
      className="css-1yvflmz-TypeColumn-FirstColumn e1kw3nsx2"
    >
      <p>
        success
      </p>
    </div>
    <div
      className="css-1mzvkak-TypeColumn-SecondColumn e1kw3nsx3"
    >
      <button
        className="css-nk4lii-ButtonWrapper ekfoxpm0"
        type="submit"
        width="MEDIUM"
      >
        Text
      </button>
    </div>
  </div>,
  <div
    className="css-1pnd932-WrapperStories e1kw3nsx0"
  >
    <div
      className="css-1yvflmz-TypeColumn-FirstColumn e1kw3nsx2"
    >
      <p>
        warning
      </p>
    </div>
    <div
      className="css-1mzvkak-TypeColumn-SecondColumn e1kw3nsx3"
    >
      <button
        className="css-1klu9ms-ButtonWrapper ekfoxpm0"
        type="submit"
        width="MEDIUM"
      >
        Text
      </button>
    </div>
  </div>,
  <div
    className="css-1pnd932-WrapperStories e1kw3nsx0"
  >
    <div
      className="css-1yvflmz-TypeColumn-FirstColumn e1kw3nsx2"
    >
      <p>
        danger
      </p>
    </div>
    <div
      className="css-1mzvkak-TypeColumn-SecondColumn e1kw3nsx3"
    >
      <button
        className="css-1qx237i-ButtonWrapper ekfoxpm0"
        type="submit"
        width="MEDIUM"
      >
        Text
      </button>
    </div>
  </div>,
  <div
    className="css-1pnd932-WrapperStories e1kw3nsx0"
  >
    <div
      className="css-1yvflmz-TypeColumn-FirstColumn e1kw3nsx2"
    >
      <p>
        info
      </p>
    </div>
    <div
      className="css-1mzvkak-TypeColumn-SecondColumn e1kw3nsx3"
    >
      <button
        className="css-wkbq7z-ButtonWrapper ekfoxpm0"
        type="submit"
        width="MEDIUM"
      >
        Text
      </button>
    </div>
  </div>,
]
`;

exports[`Storyshots Atoms/Button Width Sizes 1`] = `
Array [
  <div
    className="css-1pnd932-WrapperStories e1kw3nsx0"
  >
    <div
      className="css-1yvflmz-TypeColumn-FirstColumn e1kw3nsx2"
    >
      <p>
        NONE
      </p>
    </div>
    <div
      className="css-1mzvkak-TypeColumn-SecondColumn e1kw3nsx3"
    >
      <button
        className="css-32ummi-ButtonWrapper ekfoxpm0"
        type="submit"
        width="NONE"
      >
        Text
      </button>
    </div>
  </div>,
  <div
    className="css-1pnd932-WrapperStories e1kw3nsx0"
  >
    <div
      className="css-1yvflmz-TypeColumn-FirstColumn e1kw3nsx2"
    >
      <p>
        SMALL
      </p>
    </div>
    <div
      className="css-1mzvkak-TypeColumn-SecondColumn e1kw3nsx3"
    >
      <button
        className="css-1b02x4f-ButtonWrapper ekfoxpm0"
        type="submit"
        width="SMALL"
      >
        Text
      </button>
    </div>
  </div>,
  <div
    className="css-1pnd932-WrapperStories e1kw3nsx0"
  >
    <div
      className="css-1yvflmz-TypeColumn-FirstColumn e1kw3nsx2"
    >
      <p>
        NORMAL
      </p>
    </div>
    <div
      className="css-1mzvkak-TypeColumn-SecondColumn e1kw3nsx3"
    >
      <button
        className="css-16vnfg3-ButtonWrapper ekfoxpm0"
        type="submit"
        width="NORMAL"
      >
        Text
      </button>
    </div>
  </div>,
  <div
    className="css-1pnd932-WrapperStories e1kw3nsx0"
  >
    <div
      className="css-1yvflmz-TypeColumn-FirstColumn e1kw3nsx2"
    >
      <p>
        MEDIUM
      </p>
    </div>
    <div
      className="css-1mzvkak-TypeColumn-SecondColumn e1kw3nsx3"
    >
      <button
        className="css-f48wfs-ButtonWrapper ekfoxpm0"
        type="submit"
        width="MEDIUM"
      >
        Text
      </button>
    </div>
  </div>,
  <div
    className="css-1pnd932-WrapperStories e1kw3nsx0"
  >
    <div
      className="css-1yvflmz-TypeColumn-FirstColumn e1kw3nsx2"
    >
      <p>
        LARGE
      </p>
    </div>
    <div
      className="css-1mzvkak-TypeColumn-SecondColumn e1kw3nsx3"
    >
      <button
        className="css-1mex5uq-ButtonWrapper ekfoxpm0"
        type="submit"
        width="LARGE"
      >
        Text
      </button>
    </div>
  </div>,
  <div
    className="css-1pnd932-WrapperStories e1kw3nsx0"
  >
    <div
      className="css-1yvflmz-TypeColumn-FirstColumn e1kw3nsx2"
    >
      <p>
        FULL
      </p>
    </div>
    <div
      className="css-1mzvkak-TypeColumn-SecondColumn e1kw3nsx3"
    >
      <button
        className="css-15vadre-ButtonWrapper ekfoxpm0"
        type="submit"
        width="FULL"
      >
        Text
      </button>
    </div>
  </div>,
]
`;
